[1, 2]
wrong number of arguments (given 1, expected 2)
wrong number of arguments (given 3, expected 2)
wrong number of arguments (given 0, expected 2)
[1, 2]
wrong number of arguments (given 0, expected 1)
wrong number of arguments (given 2, expected 1)
wrong number of arguments (given 2, expected 1)
[]
wrong number of arguments (given 1, expected 0)
[3, 4]
wrong number of arguments (given 1, expected 2)
[7]
