"ABCD"
false
true
4
v=ABCD
unchanged
nil
ab
ab
"ABCD and a tail long enough to move the buffer"
"abcd"
axcax
"other and a tail long enough to move the buffer"
"axcax"
"ZBCD"
["abcd and a tail long enough to move the buffer"]
"abcd and a tail long enough to move the buffer"
"ABCD"
"ABCD"
"other and a tail long enough to move the buffer"
doc!
ABCD
"ABCD"
"b and a tail long enough to move the buffer"
" a , b "
[1, "abcd"]
"A!"
