6 &= 1: 0
6 |= 1: 7
6 ^= 1: 7
nil &= 1: false
nil |= 1: true
nil ^= 1: true
false &= 1: false
false |= 1: true
false ^= 1: true
true &= 1: true
true |= 1: true
true ^= 1: false
"s" &= 1: NoMethodError
"s" |= 1: NoMethodError
"s" ^= 1: NoMethodError
2.5 &= 1: NoMethodError
2.5 |= 1: NoMethodError
2.5 ^= 1: NoMethodError
:sy &= 1: NoMethodError
:sy |= 1: NoMethodError
:sy ^= 1: NoMethodError
[3, 1] &= 1: TypeError
[3, 1] |= 1: TypeError
[3, 1] ^= 1: NoMethodError
6 &= 3: 2
6 |= 3: 7
6 ^= 3: 5
6 &= true: TypeError
6 |= true: TypeError
6 ^= true: TypeError
6 &= nil: TypeError
6 |= nil: TypeError
6 ^= nil: TypeError
6 &= [1, 9]: TypeError
6 |= [1, 9]: TypeError
6 ^= [1, 9]: TypeError
nil &= 3: false
nil |= 3: true
nil ^= 3: true
nil &= true: false
nil |= true: true
nil ^= true: true
nil &= nil: false
nil |= nil: false
nil ^= nil: false
nil &= [1, 9]: false
nil |= [1, 9]: true
nil ^= [1, 9]: true
false &= 3: false
false |= 3: true
false ^= 3: true
false &= true: false
false |= true: true
false ^= true: true
false &= nil: false
false |= nil: false
false ^= nil: false
false &= [1, 9]: false
false |= [1, 9]: true
false ^= [1, 9]: true
true &= 3: true
true |= 3: true
true ^= 3: false
true &= true: true
true |= true: true
true ^= true: false
true &= nil: false
true |= nil: true
true ^= nil: true
true &= [1, 9]: true
true |= [1, 9]: true
true ^= [1, 9]: false
[3, 1] &= 3: TypeError
[3, 1] |= 3: TypeError
[3, 1] ^= 3: NoMethodError
[3, 1] &= true: TypeError
[3, 1] |= true: TypeError
[3, 1] ^= true: NoMethodError
[3, 1] &= nil: TypeError
[3, 1] |= nil: TypeError
[3, 1] ^= nil: NoMethodError
[3, 1] &= [1, 9]: [1]
[3, 1] |= [1, 9]: [3, 1, 9]
[3, 1] ^= [1, 9]: NoMethodError
self 6 &=: 2
self 6 |=: 7
self 6 ^=: 5
boxed 6 &=: 2
boxed 6 |=: 3
boxed 6 ^=: 0
self nil &=: false
self nil |=: true
self nil ^=: true
boxed nil &=: false
boxed nil |=: true
boxed nil ^=: false
self true &=: true
self true |=: true
self true ^=: false
boxed true &=: true
boxed true |=: true
boxed true ^=: false
self "s" &=: NoMethodError
self "s" |=: NoMethodError
self "s" ^=: NoMethodError
boxed "s" &=: NoMethodError
boxed "s" |=: NoMethodError
boxed "s" ^=: NoMethodError
value: true
kept: "s"
read first ^=: 3
read first |=: 7
read first &=: 2
read first nil: false
read first String: NoMethodError
read first Array: [1]
read first boxed: 3
coerce ^= <=>: -7
coerce &= <: false
coerce |= Float: -1
coerce self: -7
coerce local: 6
Integer slot: 11
