RangeError: cannot get the last element of endless range
RangeError: cannot get the first element of beginless range
"aa"
"ad"
"aa"
"ad"
RangeError: cannot get the first element of beginless range
RangeError: cannot get the last element of endless range
RangeError: cannot get the first element of beginless range
1
RangeError: cannot get the first element of beginless range
RangeError: cannot get the last element of endless range
