0
1
1
0
1
0
1
0
0
1
0
1
0
1
FloatDomainError: NaN
FloatDomainError: Infinity
TypeError: no implicit conversion of true into Integer
TypeError: no implicit conversion of nil into Integer
TypeError: no implicit conversion of Array into Integer
1
0
RangeError: float 1e+30 out of range of integer
RangeError: bignum too big to convert into 'long'
RangeError: bignum too big to convert into 'long'
RangeError: float NaN out of range of integer
TypeError: no implicit conversion from nil to integer
TypeError: no implicit conversion of true into Integer
1
1
0
TypeError: no implicit conversion of nil into Integer
TypeError: no implicit conversion of nil into Integer
TypeError: no implicit conversion of nil into Integer
TypeError: no implicit conversion of nil into Integer
TypeError: no implicit conversion of nil into Integer
TypeError: no implicit conversion from nil to integer
300
0
0
0
0
0
0
0
0
0
0
-6
0
0
