true
false
-8
[7]
[7]
false
true
-11
[10]
[10]
true
false
2
RangeError
RangeError
false
true
-1
[0]
[0]
NoMethodError
NoMethodError
NoMethodError
ArgumentError
ArgumentError
NoMethodError
NoMethodError
NoMethodError
ArgumentError
ArgumentError
NoMethodError
NoMethodError
NoMethodError
NoMethodError
NoMethodError
NoMethodError
NoMethodError
NoMethodError
NoMethodError
NoMethodError
NoMethodError
NoMethodError
NoMethodError
NoMethodError
NoMethodError
NoMethodError
NoMethodError
NoMethodError
NoMethodError
NoMethodError
NoMethodError
NoMethodError
NoMethodError
NoMethodError
NoMethodError
NoMethodError
NoMethodError
NoMethodError
NoMethodError
NoMethodError
true
false
-956
[206, 187]
RangeError
true
NoMethodError
-6
NoMethodError
NoMethodError
NoMethodError
