ab007 a ! b 
012mmmmmmmmmmmmmmmmmmmmmmmmmmmmmmmmmmmmmmmm
kAAAAAAAAAAAAAAAAAAAAAAAAAAAAAAAAAAAAAAAA
all:mmmmmmmmmmmmmmmmmmmmmmmmmmmmmmmmmmmmmmmm
two:xxxxxxxxxxxxxxxxxxxxxxxxxxxxxxxxxxxxxxxxyyyyyyyyyyyyyyyyyyyyyyyyyyyyyyyyyyyyyyyy
filling
page:hhhhhhhhhhhhhhhhhhhhhhhhhhhhhhhhhhhhhhhhffffffffffffffffffffffffffffffffffffffff
base:mmmmmmmmmmmmmmmmmmmmmmmmmmmmmmmmmmmmmmmm
base:mmmmmmmmmmmmmmmmmmmmmmmmmmmmmmmmmmmmmmmmmmmmmmmmmmmmmmmmmmmmmmmmmmmmmmmmmmmmmmmm
n
3
swapped
94450
9 line 1999 
