[[:j, "jv"], [:k, "jv"]]
true
[[:a, "a!"], [:b, "a!"], [:c, "a!"], [:d, "a!"], [:e, "a!"], [:f, "a!"]]
["a!", 1, "a!"]
["jv", "jv"]
true
["c!", "c!"]
[[:j, "jv"], [:k, "jv"]]
[[:k, "vw"]]
[[:j, "jab"], [:a, "jab"], [:b, "jab"]]
[[:j, "jv"], [:k, "jv"]]
[[:x, "g!"], [:y, "g!"]]
[[:k, "g!"]]
[[:s, "x3"], [:t, "y1"]]
[[:s, "y1"], [:t, "z2"]]
[[:s, "z2"], [:t, "x3"]]
