3000
"W1????????????????????"
"W3000????????????????????"
3000
3000
"ateb ahpla##########"
"ateb ahpla##########"
1
4000
"a1a1a1--------------------"
"b2000b2000b2000--------------------"
2000
3000
"K1????????????????????1"
"K3000????????????????????3000"
3000
3000
"W1????????????????????"
"W3000????????????????????"
3000
13495500
3000
"W1????????????????????"
"W3000????????????????????"
3000
