"ASCII-8BIT"
"ASCII-8BIT"
"ASCII-8BIT"
"ASCII-8BIT"
"ASCII-8BIT"
"ASCII-8BIT"
"ASCII-8BIT"
"ASCII-8BIT"
"ASCII-8BIT"
5
[195, 169, 45, 195, 169]
true
"ASCII-8BIT"
6
[195, 169, 61, 61, 195, 169]
"UTF-8"
3
"UTF-8"
"UTF-8"
"UTF-8"
"UTF-8"
"ab-cd"
"ASCII-8BIT"
"AB-Cd"
"ASCII-8BIT"
nil
"ASCII-8BIT"
"ASCII-8BIT"
"ASCII-8BIT"
