["ayyyyyyyyyyyyyyyyyyyyyyyyyyyyyyyyyyyyyyyy"]
["a", "syyyyyyyyyyyyyyyyyyyyyyyyyyyyyyyyyyyyyyyy"]
["ayyyyyyyyyyyyyyyyyyyyyyyyyyyyyyyyyyyyyyyy", 1]
["ayyyyyyyyyyyyyyyyyyyyyyyyyyyyyyyyyyyyyyyy", "s!!!!!!!!!!!!!!!!!!!!!!!!!!!!!!!!!!!!!!!!"]
["a", "yyyyyyyyyyyyyyyyyyyyyyyyyyyyyyyyyyyyyyyy"]
["syyyyyyyyyyyyyyyyyyyyyyyyyyyyyyyyyyyyyyyy"]
[[:a, "ayyyyyyyyyyyyyyyyyyyyyyyyyyyyyyyyyyyyyyyy"], [:k, "s"]]
["a", "syyyyyyyyyyyyyyyyyyyyyyyyyyyyyyyyyyyyyyyy"]
16
[1, 2]
["a", "s"]
1
["ayyyyyyyyyyyyyyyyyyyyyyyyyyyyyyyyyyyyyyyy", "s"]
a,n0,n1,n2
["A", "N0", "N1", "N2"]
["ayyyyyyyyyyyyyyyyyyyyyyyyyyyyyyyyyyyyyyyy", "s"]
["b", "t"]
