[[:a, 1], [1, :a]]
[["a", 1], [1, 2]]
[["a", 1], ["b", "s"]]
[[1, :a]]
[[:a, 1], [1, :a]]
[[:a, 1], [1, :a]]
[[:a, 1], [1, :a]]
[[:a, 1], [1, 5]]
0
[[:a, 1], [1, :a]]
[[:a, 1], [1, :a]]
[[:a, 1], ["k", 2]]
[[1, 2], ["k", "s"]]
true
2
[["a", 1], [:b, "s"], [2, nil]]
[[:a, 1], [1, :a]]
[["a", 1], [:b, "s"]]
[[:a, 1], [1, :a]]
[[:a, 1], [1, :a]]
[[:a, 1]]
[[:b, 2], ["k", 3]]
[[:a, 1], [1, "v"]]
[[:a, 1]]
[[:b, 2], [1, 2.5]]
[[:a, 1], ["k", 1]]
[[:b, 2], [2, :c]]
[[["a", 1], ["z", :y]], [["a", 1], ["z", :y]]]
[[["a", 1]], [["b", 2], ["z", :y]]]
