0
0
0
0
0
0
[["w", "world"]]
[[:w, "world"]]
[[:w, "world"]]
[["k", "key"], ["v", "value"]]
[["a", "a"], ["b", nil], ["c", "c"], ["d", nil]]
[["a", ""], ["b", "abc"], ["c", ""]]
[["a", "日本語"], ["b", "テキスト"]]
[["a", "c"], ["b", "3"]]
12
["g1", "g2", "g3", "g4", "g5", "g6", "g7", "g8", "g9", "g10", "g11", "g12"]
["a", "b", "c", "d", "e", "f", "g", "h", "i", "j", "k", "l"]
true
["a", "b", "c", "d", "e"]
[200, 200, 200, 200, 200]
