kept in a list: 0
one at a time: 0
an argument ahead of the block: 0
initialize inherited: 0
handed on by super: 0
an exception class: 0
an Array subclass: 0
a proc passed with &: 0
no block given: false
no argument for the rest: 0
a splat for the rest: 0
an argument ahead of the rest: 0
a rest, initialize inherited: 0
a rest of an exception class: 0
a rest of a yielding initialize: 0
a rest through a class value: 0
