"IndexError: index 9 out of string"
"IndexError: string not matched"
"IndexError: regexp not matched"
"IndexError: index 9 out of string"
"IndexError: string not matched"
"RangeError: 9..10 out of range"
"abcdef"
"FrozenError"
"FrozenError"
"FrozenError"
"FrozenError"
"FrozenError"
"abcdef"
"IndexError: string not matched"
"IndexError: regexp not matched"
"IndexError: index 9 out of string"
"RangeError: 9..10 out of range"
:stored
"aXcdef"
:stored
"aXYdef"
