:cell
"s"
2
[[[1, 2], :a], [[5, 6], 7]]
[[3, :b], [8, 9]]
8
[[[1, 2], 8]]
"hxlo"
[1, 9, 4]
[[[1], 3], [[1, 2], 4], [[:k, "s"], [5]]]
11
[9, 10]
[9, 10]
:v
[8]
[8, 3]
3
[:w, 1, 2, 3]
[6]
[4, 5, 6]
:o
1
[1, 4]
2
[[1, 2], 3]
[:w, 1, 2, 3]
3
[1, 3, 4]
"h-lo"
[0, 1, 2, 3, 1, 1, 2, 3, 2, 1, 2]
:p
"hElo"
1
[[[1, 2], 5]]
0
1
4
[1, 9, 4]
[1, 7, 8, 9, 4]
"hxlo"
[[5, 6, 2, 3], "zzbc"]
[[1, 2], [:k, "v"]]
"hwlo"
"w"
["u"]
1
