["aa", "cc"]
["aa", []]
["aa", 0]
[{}, []]
[[], {}]
["aa", "cc"]
[[], "aa"]
["aa", 0]
["dddd", "ddz"]
[Other, Other]
[5, []]
[1, "aa", "cc"]
["x", "cc"]
["aa", 1]
["x", "y"]
[[1, 2], "aa"]
["aa", "j"]
["aa", 1]
["x", [1]]
["aa", "cc"]
[1, "aa", "cc"]
["aa", []]
["aa", "cc"]
["aa", "cc"]
0
0
0
["aa", "cc"]
["aa", []]
[[], "aa"]
[Other, Other]
