=~
nil
nil
nil
nil
nil
nil
nil
nil
nil
nil
!~
true
nil
true
nil
true
nil
true
nil
match
nil
nil
nil
nil
nil
nil
nil
nil
nil
nil
nil
nil
nil
nil
match?
false
"b"
false
"b"
false
"b"
===
false
nil
false
nil
false
nil
named
nil
nil
a String still matches
0
""
false
"b"
"b"
"b"
true
"b"
true
"c"
true
true
