"Xb"
"aY"
"ab"
"12"
[1, 2, "xa-", ["xa"], ["b"], true]
[2, nil]
["ab12", "ab12", true, ["", "ab12", ""]]
["1", "1", false, ["ab", "1", "2"]]
"x_b"
"xa_a"
2
3
2
nil
:hit
:miss
:hit
:miss
[["x", "a"], ["a", "x"], ["x", "a"]]
[["a", "b"], ["b", "a"], ["a", "b"]]
"xXb"
"b"
"b"
"b"
["\"b\"", "\"b\""]
true
["b", "z"]
