["c", "bbb", "aa", "9"]
[["c", "bbb"], "aa"]
"3"
["cc", "9"]
"cc"
"c"
"c"
"c"
[4, nil]
"d"
["cc", "bb", "1"]
"1"
["cc", "bb"]
"2"
["cc", "3"]
[:mid, "bb"]
"4"
["cc", "bb", "c"]
"9"
[:mid, "bb"]
"6"
"7"
2
["ab", "ab", "b", "ab", "b", "\"b\"", "cd", "cd", "d", "cd", "d", "\"d\""]
"d"
["two", "t"]
"t"
["p", "p"]
["pp", "p"]
"p"
"p"
"r"
"r"
