n abc!
n abc!
n 0abc!
n given
>3
s String
s String
t 9
t 9
l 9
n abc
n abc
abc abc?
n 1
n 1
n 5.0
n 5.0
n 5.0
n 5
n 5
k Integer
t 5
sm ab0!
sm ab0!
s-m ab0!
m ab0!
s-m ab0!
s/m ab0!
false
1
s+m ab0!
m ab0!
m ab0!
m ab0!
sq d ab0
q x ab0/s
s-q d g-s
m ab0!s
m m ab0!
side,lg,side,lg,side,lg,side,lg,side,lg,side,lg,side,lg,side,lg,side,lg,side,lg,side,lg,side,lg,side,lg,lg,side,side,lg,side,lg,side,lg,lg
sm ab0!
sq d g
s/q x ab0
q d h
side,fresh,side,fresh,side,fresh
