nil
[]
nil
[]
nil
[]
nil
[]
nil
[]
nil
[]
nil
[]
nil
[]
nil
[]
"bbbab"
[5, "b"]
"bb"
["a", "b"]
1
[0, 9]
[1, 2, 0, 1]
[0, 1]
1
[:a, 0]
[0, nil, 9]
[0, 9]
[0, "bbbab", 9]
[0, 5, "b", 9]
"0  9"
[0, 9]
"0 bb 9"
[0, "a", "b", 9]
"xab!"
[3, "x"]
nil
[]
"bbbab"
[5, "b"]
[0, nil, 9]
[0, 9]
[0, "**ab***", 9]
[0, 7, "*", 9]
[0, nil, 9]
[0, 9]
