nil
[]
true
[]
[[:a, 1], [:b, 2], [:c, 3]]
[[[:b, 2]], [[:c, 3]]]
[[:a, 1]]
[[:a, 1], [:b, 2], [:c, 3], [:d, 4]]
[[[:b, 2]], [[:c, 3]], [[:d, 4]]]
nil
[]
[[:a, 1], [:b, 2], [:c, 3]]
[[[:b, 2]], [[:c, 3]]]
nil
[[:a, 12]]
nil
[]
[["a", 1], ["b", 2], ["c", 3]]
[[["b", 2]], [["c", 3]]]
nil
[[:a, 1], [:b, 2]]
