"ééééééééééUTFUTFz"
[[[254], "UTF-8", false], [[253], "UTF-8", false]]
"éééééééééé??z"
"UTF-8"
true
"ééééééééééUTFUTFz"
"ééééééééééUTFUTFz"
"ééééééééééUTFUTFz"
"ééééééééééUTFUTFz"
"ééééééééééUTFUTFz"
"ééééééééééUTFUTFz"
"ééééééééééUTFUTFz"
"ééééééééééUTFUTFz"
1081090
[[[254], "UTF-8", 1], [[253], "UTF-8", 1], [[252], "UTF-8", 1]]
"ab-cd--ef"
[97, 98, 254, 99, 100, 253, 252, 101, 102]
"a<2>b"
"aéb"
""
