RangeError: cannot get the last element of endless range
RangeError: cannot get the first element of beginless range
RangeError: cannot get the last element of endless range
RangeError: cannot get the first element of beginless range
RangeError: cannot get the last element of endless range
"aa"
"aa"
nil
RangeError: cannot get the first element of beginless range
"ad"
nil
"ad"
"aa"
"ad"
