hash cover?: true
hash include?: true
hash member?: true
array cover?: true
array include?: true
array member?: true
local cover?: true
local include?: true
local member?: true
beside cover?: true
beside include?: true
excluded cover?: false
excluded include?: false
integer cover?: false
integer include?: false
longer: abz true false
made by the call: 0
nil in an array: false false false
nil in a hash: false false false
NUL past the end: false false
NUL in the begin: false false
ends made on the spot: 0
