72
101
108
108
111
nil
nil
[65, 66]
105
nil
10
20
nil
"A"
"B"
nil
65
66
nil
131
"xy"
nil
[65, 66]
97
98
nil
4
[65, 66]
[65, 66]
[65, 66]
[:maybe, 65]
[:maybe, 66]
nil
nil
[:fwd, 65]
[:fwd, 66]
nil
[65, 66]
[:anon, 65]
[:anon, 66]
nil
[65, 66]
[:mk, 65]
[:mk, 66]
nil
[65, 66]
2
nil
[:r, :a, :b, 65, 66]
[65, 66]
[:r, :a, :b]
nil
[:r, :a, :o, :b, 66, 67]
[:r, :a, :b, 65, 66]
[65, 66]
[:r, :a, :b]
nil
[65, 66]
nil
nil
[[:bp, 65], [:bp, 66], [:bp, 65], [:bp, 66], [:bp, 65], [:bp, 66]]
nil
nil
nil
[[:bp, 65], [:bp, 66], [:bp, 65], [:bp, 66], [:bp, 65], [:bp, 66]]
