"56qrst"
"abbccc6qrst"
"<111213>ccc6qrst"
"<11213>ccc6qrst"
true
"56qrst"
"56qrst"
"6"
"5qrst"
true
10
"qxyyzzzrst"
true
"45rstx"
true
"45qrst"
true
"no"
"45qrst"
"5qrsta"
"75qrstab"
"975qrstaby"
true
"975qrstabzc"
"97511rstabzc"
4
"6897511rstabzc"
"2017wxyz"
true
true
block 1
block 2
FrozenError
block 3
FrozenError
"qrst"
true
