[[[97, 0], [98]], [[0], [97, 98]], [[97, 98, 0]], [[97, 0], [98, 0], [0], [99]]]
[[[97, 0, 98]], [[0, 97, 98]], [[97, 98], [0]], [[97, 0, 98], [0, 0, 99]]]
[["a", "b"], ["", "ab"], ["ab"], ["a", "b", "", "c"]]
[2, 2, 1, 4]
[[120, 0, 121, 10, 10], [122, 0]]
["a\u0000-", "b\u0000-", "c"]
6
["a,", "b,", "c"]
[]
["a\n\n", "b"]
