"heyyo"
"bzyzyz"
"hezzo"
"ifXXp"
"ifmmp"
"HEOOR"
"hebbb"
"heyo"
"heyyo"
"heyyo"
"heyo"
"heyo"
"heyyo"
"h3llo"
"heyzzo"
"heccb"
"heyyo"
"hexxo"
"a3b2c"
"a32"
[97, 51, 50]
"h3llo world"
"aBc"
"hea"
"heyyo"
changed
changed
false
true
2
changed
same
changed
changed
changed
same
"*****"
"hi1"
"*****"
"yylly"
"hippo"
"ifmmp"
"heo"
"heo"
2
"helo"
