[-5, IndexError, "index -5 out of regexp", "hello"]
[-4, IndexError, "index -4 out of regexp", "hello"]
[-3, "hXllo", "ell"]
[-2, "heXlo", "ell"]
[-1, "helXo", "ell"]
[-1, "heXlo"]
[-2, IndexError, "regexp group 2 not matched", "hello"]
[-3, "hZllo"]
[-4, IndexError, "index -4 out of regexp", "hello"]
[-1, "he1lo"]
[-2, IndexError, "regexp group 2 not matched", "hello"]
[-3, "h3llo"]
[-4, IndexError, "index -4 out of regexp", "hello"]
[-1, FrozenError, "can't modify frozen String: \"hello\""]
[-2, IndexError, "regexp group 2 not matched"]
[-3, FrozenError, "can't modify frozen String: \"hello\""]
[-4, IndexError, "index -4 out of regexp"]
[1, FrozenError, "can't modify frozen String: \"hello\""]
[2, IndexError, "regexp group 2 not matched"]
[4, IndexError, "index 4 out of regexp"]
"aBc"
"ABc"
