"aonebc"
"no implicit conversion of nil into String abc"
"aonec"
"no implicit conversion of nil into String abc"
"onec"
"no implicit conversion of nil into String abc"
"aone"
"no implicit conversion of nil into String abc"
"aonec"
"no implicit conversion of nil into String abc"
"aonec"
"no implicit conversion of nil into String abc"
no implicit conversion of nil into String
no implicit conversion of nil into String
"oneonebc"
[TypeError, TypeError, TypeError, RangeError, IndexError, IndexError]
TypeError
TypeError
"IndexError negative length -1"
"IndexError negative length -1"
"yzwr"
