0: ax ax b c d true false false false
1: bx a bx c d false true false false
2: cx a b cx d false false true false
3: dx a b c dx false false false true
62: cx a b cx d false false true false
63: dx a b c dx false false false true
64: ax ax b c d true false false false
65: bx a bx c d false true false false
66: cx a b cx d false false true false
99: dx a b c dx false false false true
100: dx a b c dx false false false true
101: bx a bx c d false true false false
254: cx a b cx d false false true false
255: dx a b c dx false false false true
256: ax ax b c d true false false false
257: bx a bx c d false true false false
258: cx a b cx d false false true false
297: bx a bx c d false true false false
298: cx a b cx d false false true false
299: dx a b c dx false false false true
1000: ax ax b c d true false false false
