"x"
"x"
"x"
"x"
"x"
""
"xyzxyzxyz"
"x"
"x"
"xc"
"x"
"xc"
start
end
"x"
start
end
"x"
"x"
"x"
"x"
"y"
"y"
"!"
"ab!"
"!"
"ax"
"abcx"
"x"
"xc"
"x"
"x"
"x"
"xabcdef"
"xabcdef"
"xabcdef"
"xabcdef"
"xabcdef"
"xabcdef"
"xabcdef"
"xabcdef"
"ax"
"x"
"xabcdef"
"x"
"x"
"xabcdef"
"xabcdef"
"x"
"xabcdef"
"x"
"xabcdef"
"x"
"xabcdef"
"xabcdef"
"xabcdef"
"xabcdef"
"xabcdef"
"xabcdef"
"xabcdef"
"x"
"xabcdef"
"xabcdef"
"ax"
