no implicit conversion of Integer into String
"q"
no implicit conversion of Integer into String
["q"]
no implicit conversion of Integer into String
"cd /tmp"
["cd /tmp"]
no implicit conversion of Symbol into String
"k="
no implicit conversion of nil into String
"n="
no implicit conversion of Float into String
"n="
no implicit conversion of Integer into String
"qb"
no implicit conversion of Integer into String
"qb"
no implicit conversion of Integer into String
"qb"
no implicit conversion of Integer into String
"q!"
"q!"
no implicit conversion of Integer into String
"q"
"qx"
no implicit conversion of Integer into String
"q"
no implicit conversion of Integer into String
"q"
