"!"
"!"
"wxyz! and forty more bytes, so that the buffer has to move, and then some more of them"
"wxyz! and forty more bytes, so that the buffer has to move, and then some more of them"
"xabcd0 and forty more bytes, so that the buffer has to move, and then some more of them"
"xabcd0 and forty more bytes, so that the buffer has to move, and then some more of them"
"wxyz!"
"wxyz!"
"wxyz!"
"wxyz!"
