[:got, [10, 20]]
[:got, [30, 40]]
[:got, [13, 16]]
[:got, [10, 20]]
[:got, [10, 20]]
[:got, [10, 20, 100, 10, 20, 200]]
[:got, [[:got, 2], [:got, 3]]]
[:got, [101, 102, 30]]
[101, 102, [:got, 3]]
[:got, [10, 20]]
[:got, [[:got, 2], [:got, 3], [:got, 4]]]
[:lambda, [10, 20]]
"[10, 20]"
[:lambda, [10, 20]]
2
[:lambda, [10, 20]]
[:got, [10, 20]]
[:got, [[:got, 1], [:got, 2]]]
[10, 20]
